Component: ARM Compiler 5.06 update 1 (build 61) Tool: armlink [4d35a8]

==============================================================================

Section Cross References

    main.o(.text) refers to key.o(.text) for KEY_Scan
    main.o(.text) refers to memcpya.o(.text) for __aeabi_memcpy
    main.o(.text) refers to hw_config.o(.text) for usb_printf
    main.o(.text) refers to delay.o(.text) for delay_ms
    main.o(.text) refers to os_cpu_a.o(.text) for OS_CPU_SR_Save
    main.o(.text) refers to os_task.o(.text) for OSTaskCreate
    main.o(.text) refers to usb_init.o(.text) for USB_Init
    main.o(.text) refers to 24cxx.o(.text) for AT24CXX_Init
    main.o(.text) refers to usart3.o(.text) for usart3_init
    main.o(.text) refers to led.o(.text) for LED_Init
    main.o(.text) refers to esp8266.o(.text) for ESP8266_Init
    main.o(.text) refers to pwm.o(.text) for TIM3_PWM_Init
    main.o(.text) refers to timer.o(.text) for TIM4_Int_Init
    main.o(.text) refers to misc.o(.text) for NVIC_PriorityGroupConfig
    main.o(.text) refers to usart.o(.text) for uart_init
    main.o(.text) refers to os_core.o(.text) for OSInit
    main.o(.text) refers to usart3.o(.data) for USART3_RX_STA
    main.o(.text) refers to usart3.o(.bss) for USART3_RX_BUF
    main.o(.text) refers to main.o(.bss) for SYSTEM_STATUS
    main.o(.text) refers to usb_pwr.o(.data) for bDeviceState
    main.o(.text) refers to hw_config.o(.data) for USB_USART_RX_STA
    main.o(.text) refers to hw_config.o(.bss) for USB_USART_RX_BUF
    system_stm32f10x.o(.text) refers to system_stm32f10x.o(.data) for SystemCoreClock
    24cxx.o(.text) refers to myiic.o(.text) for IIC_Init
    24cxx.o(.text) refers to delay.o(.text) for delay_ms
    myiic.o(.text) refers to stm32f10x_rcc.o(.text) for RCC_APB2PeriphClockCmd
    myiic.o(.text) refers to stm32f10x_gpio.o(.text) for GPIO_Init
    myiic.o(.text) refers to delay.o(.text) for delay_us
    adc.o(.text) refers to stm32f10x_rcc.o(.text) for RCC_APB2PeriphClockCmd
    adc.o(.text) refers to stm32f10x_gpio.o(.text) for GPIO_Init
    adc.o(.text) refers to stm32f10x_adc.o(.text) for ADC_DeInit
    adc.o(.text) refers to delay.o(.text) for delay_ms
    led.o(.text) refers to stm32f10x_rcc.o(.text) for RCC_APB2PeriphClockCmd
    led.o(.text) refers to stm32f10x_gpio.o(.text) for GPIO_Init
    lcd.o(.text) refers to stm32f10x_rcc.o(.text) for RCC_APB2PeriphClockCmd
    lcd.o(.text) refers to stm32f10x_gpio.o(.text) for GPIO_Init
    lcd.o(.text) refers to stm32f10x_spi.o(.text) for SPI_Init
    lcd.o(.text) refers to delay.o(.text) for delay_ms
    lcd.o(.text) refers to lcd.o(.bss) for lcddev
    exti.o(.text) refers to stm32f10x_gpio.o(.text) for GPIO_Init
    exti.o(.text) refers to stm32f10x_rcc.o(.text) for RCC_APB2PeriphClockCmd
    exti.o(.text) refers to stm32f10x_exti.o(.text) for EXTI_Init
    exti.o(.text) refers to misc.o(.text) for NVIC_Init
    timer.o(.text) refers to stm32f10x_rcc.o(.text) for RCC_APB1PeriphClockCmd
    timer.o(.text) refers to stm32f10x_tim.o(.text) for TIM_TimeBaseInit
    timer.o(.text) refers to misc.o(.text) for NVIC_Init
    timer.o(.text) refers to fflti.o(.text) for __aeabi_i2f
    timer.o(.text) refers to fdiv.o(.text) for __aeabi_fdiv
    timer.o(.text) refers to timer.o(.data) for g_TimerTick
    usart3.o(.text) refers to stm32f10x_usart.o(.text) for USART_GetITStatus
    usart3.o(.text) refers to stm32f10x_rcc.o(.text) for RCC_APB2PeriphClockCmd
    usart3.o(.text) refers to stm32f10x_gpio.o(.text) for GPIO_Init
    usart3.o(.text) refers to misc.o(.text) for NVIC_Init
    usart3.o(.text) refers to printfa.o(i.__0vsprintf) for vsprintf
    usart3.o(.text) refers to strlen.o(.text) for strlen
    usart3.o(.text) refers to usart3.o(.data) for USART3_RX_STA
    usart3.o(.text) refers to usart3.o(.bss) for USART3_RX_BUF
    key.o(.text) refers to stm32f10x_rcc.o(.text) for RCC_APB2PeriphClockCmd
    key.o(.text) refers to stm32f10x_gpio.o(.text) for GPIO_Init
    esp8266.o(.text) refers to strstr.o(.text) for strstr
    esp8266.o(.text) refers to usart3.o(.text) for u3_printf
    esp8266.o(.text) refers to printfa.o(i.__0printf) for __2printf
    esp8266.o(.text) refers to os_core.o(.text) for OSSchedLock
    esp8266.o(.text) refers to usart3.o(.data) for USART3_RX_STA
    esp8266.o(.text) refers to usart3.o(.bss) for USART3_RX_BUF
    pwm.o(.text) refers to stm32f10x_rcc.o(.text) for RCC_APB1PeriphClockCmd
    pwm.o(.text) refers to stm32f10x_gpio.o(.text) for GPIO_PinRemapConfig
    pwm.o(.text) refers to stm32f10x_tim.o(.text) for TIM_TimeBaseInit
    hc_sr.o(.text) refers to stm32f10x_rcc.o(.text) for RCC_APB2PeriphClockCmd
    hc_sr.o(.text) refers to stm32f10x_gpio.o(.text) for GPIO_Init
    hc_sr.o(.text) refers to misc.o(.text) for NVIC_PriorityGroupConfig
    hc_sr.o(.text) refers to stm32f10x_exti.o(.text) for EXTI_Init
    hc_sr.o(.text) refers to delay.o(.text) for delay_us
    hc_sr.o(.text) refers to ffltui.o(.text) for __aeabi_ui2f
[...]
    .text                                    0x08007a72   Section        0  fdiv.o(.text)
    .text                                    0x08007aee   Section        0  dadd.o(.text)
    .text                                    0x08007c3c   Section        0  dmul.o(.text)
    .text                                    0x08007d20   Section        0  ddiv.o(.text)
    .text                                    0x08007dfe   Section        0  fflti.o(.text)
    .text                                    0x08007e10   Section        0  ffltui.o(.text)
    .text                                    0x08007e1a   Section        0  f2d.o(.text)
    .text                                    0x08007e40   Section       48  cdrcmple.o(.text)
    .text                                    0x08007e70   Section        0  d2f.o(.text)
    .text                                    0x08007ea8   Section        0  uidiv.o(.text)
    .text                                    0x08007ed4   Section        0  uldiv.o(.text)
    .text                                    0x08007f36   Section        0  llshl.o(.text)
    .text                                    0x08007f54   Section        0  llushr.o(.text)
    .text                                    0x08007f74   Section        0  llsshr.o(.text)
    .text                                    0x08007f98   Section        0  iusefp.o(.text)
    .text                                    0x08007f98   Section        0  fepilogue.o(.text)
    .text                                    0x08008006   Section        0  depilogue.o(.text)
    .text                                    0x080080c0   Section        0  dfixul.o(.text)
    .text                                    0x080080f0   Section       36  init.o(.text)
    .text                                    0x08008114   Section        0  __dczerorl2.o(.text)
    i.__0printf                              0x0800816c   Section        0  printfa.o(i.__0printf)
    i.__0vsprintf                            0x0800818c   Section        0  printfa.o(i.__0vsprintf)
    i.__scatterload_copy                     0x080081b0   Section       14  handlers.o(i.__scatterload_copy)
    i.__scatterload_null                     0x080081be   Section        2  handlers.o(i.__scatterload_null)
    i.__scatterload_zeroinit                 0x080081c0   Section       14  handlers.o(i.__scatterload_zeroinit)
    i._fp_digits                             0x080081d0   Section        0  printfa.o(i._fp_digits)
    _fp_digits                               0x080081d1   Thumb Code   334  printfa.o(i._fp_digits)
    i._printf_core                           0x08008334   Section        0  printfa.o(i._printf_core)
    _printf_core                             0x08008335   Thumb Code  1744  printfa.o(i._printf_core)
    i._printf_post_padding                   0x08008a10   Section        0  printfa.o(i._printf_post_padding)
    _printf_post_padding                     0x08008a11   Thumb Code    36  printfa.o(i._printf_post_padding)
    i._printf_pre_padding                    0x08008a34   Section        0  printfa.o(i._printf_pre_padding)
    _printf_pre_padding                      0x08008a35   Thumb Code    46  printfa.o(i._printf_pre_padding)
    i._sputc                                 0x08008a62   Section        0  printfa.o(i._sputc)
    _sputc                                   0x08008a63   Thumb Code    10  printfa.o(i._sputc)
    .constdata                               0x08008a6c   Section      256  os_core.o(.constdata)
    .constdata                               0x08008b6c   Section      177  usb_desc.o(.constdata)
    .data                                    0x20000000   Section       20  system_stm32f10x.o(.data)
    .data                                    0x20000014   Section        4  timer.o(.data)
    .data                                    0x20000018   Section        2  usart3.o(.data)
    .data                                    0x2000001c   Section        4  hc_sr.o(.data)
    .data                                    0x20000020   Section        4  delay.o(.data)
    fac_us                                   0x20000020   Data           1  delay.o(.data)
    fac_ms                                   0x20000022   Data           2  delay.o(.data)
    .data                                    0x20000024   Section        2  usart.o(.data)
    .data                                    0x20000026   Section       20  stm32f10x_rcc.o(.data)
    APBAHBPrescTable                         0x20000026   Data          16  stm32f10x_rcc.o(.data)
    ADCPrescTable                            0x20000036   Data           4  stm32f10x_rcc.o(.data)
    .data                                    0x2000003c   Section       92  os_core.o(.data)
    .data                                    0x20000098   Section        6  os_cpu_c.o(.data)
    OSTmrCtr                                 0x2000009c   Data           2  os_cpu_c.o(.data)
    .data                                    0x2000009e   Section        3  usb_core.o(.data)
    .data                                    0x200000a4   Section       20  usb_init.o(.data)
    .data                                    0x200000b8   Section        4  usb_int.o(.data)
    .data                                    0x200000bc   Section        2  hw_config.o(.data)
    .data                                    0x200000be   Section       26  usb_desc.o(.data)
    .data                                    0x200000d8   Section        4  usb_endp.o(.data)
    FrameCount                               0x200000d8   Data           4  usb_endp.o(.data)
    .data                                    0x200000dc   Section       68  usb_istr.o(.data)
    .data                                    0x20000120   Section      148  usb_prop.o(.data)
    .data                                    0x200001b4   Section       12  usb_pwr.o(.data)
    .data                                    0x200001c0   Section        4  stdout.o(.data)
    .bss                                     0x200001c4   Section     1290  main.o(.bss)
    .bss                                     0x200006ce   Section     1200  usart3.o(.bss)
    .bss                                     0x20000b7e   Section      200  usart.o(.bss)
    .bss                                     0x20000c48   Section     3904  os_core.o(.bss)
    .bss                                     0x20001b88   Section       28  usb_init.o(.bss)
    .bss                                     0x20001ba4   Section     1428  hw_config.o(.bss)
    .bss                                     0x20002138   Section       64  usb_endp.o(.bss)
    .bss                                     0x20002178   Section       32  usb_pwr.o(.bss)
    STACK                                    0x20002198   Section      512  startup_stm32f10x_md.o(STACK)

    Global Symbols

    Symbol Name                              Value     Ov Type        Size  Object(Section)

    BuildAttributes$$THM_ISAv4$P$D$K$B$S$PE$A:L22UL41UL21$X:L11$S22US41US21$IEEE1$IW$USESV6$~STKCKD$USESV7$~SHL$OTIME$ROPI$IEEEX$EBA8$MICROLIB$REQ8$PRES8$EABIv2 0x00000000   Number         0  anon$$obj.o ABSOLUTE
    __ARM_use_no_argv                        0x00000000   Number         0  main.o ABSOLUTE
    __use_no_errno                           0x00000000   Number         0  useno.o ABSOLUTE
    __use_no_exception_handling              0x00000000   Number         0  useno.o ABSOLUTE
    __use_no_fp                              0x00000000   Number         0  useno.o ABSOLUTE
    __use_no_heap                            0x00000000   Number         0  useno.o ABSOLUTE
    __use_no_heap_region                     0x00000000   Number         0  useno.o ABSOLUTE
    __use_no_semihosting                     0x00000000   Number         0  useno.o ABSOLUTE
    __use_no_semihosting_swi                 0x00000000   Number         0  useno.o ABSOLUTE
    __use_no_signal_handling                 0x00000000   Number         0  useno.o ABSOLUTE
    _printf_a                                0x00000000   Number         0  stubs.o ABSOLUTE
    _printf_c                                0x00000000   Number         0  stubs.o ABSOLUTE
    _printf_charcount                        0x00000000   Number         0  stubs.o ABSOLUTE
    _printf_d                                0x00000000   Number         0  stubs.o ABSOLUTE
    _printf_e                                0x00000000   Number         0  stubs.o ABSOLUTE
    _printf_f                                0x00000000   Number         0  stubs.o ABSOLUTE
    _printf_flags                            0x00000000   Number         0  stubs.o ABSOLUTE
    _printf_fp_dec                           0x00000000   Number         0  stubs.o ABSOLUTE
    _printf_fp_hex                           0x00000000   Number         0  stubs.o ABSOLUTE
    _printf_g                                0x00000000   Number         0  stubs.o ABSOLUTE
    _printf_i                                0x00000000   Number         0  stubs.o ABSOLUTE
    _printf_int_dec                          0x00000000   Number         0  stubs.o ABSOLUTE
    _printf_l                                0x00000000   Number         0  stubs.o ABSOLUTE
    _printf_lc                               0x00000000   Number         0  stubs.o ABSOLUTE
    _printf_ll                               0x00000000   Number         0  stubs.o ABSOLUTE
    _printf_lld                              0x00000000   Number         0  stubs.o ABSOLUTE
    _printf_lli                              0x00000000   Number         0  stubs.o ABSOLUTE
    _printf_llo                              0x00000000   Number         0  stubs.o ABSOLUTE
    _printf_llu                              0x00000000   Number         0  stubs.o ABSOLUTE
    _printf_llx                              0x00000000   Number         0  stubs.o ABSOLUTE
    _printf_longlong_dec                     0x00000000   Number         0  stubs.o ABSOLUTE
    _printf_longlong_hex                     0x00000000   Number         0  stubs.o ABSOLUTE
    _printf_longlong_oct                     0x00000000   Number         0  stubs.o ABSOLUTE
    _printf_ls                               0x00000000   Number         0  stubs.o ABSOLUTE
    _printf_mbtowc                           0x00000000   Number         0  stubs.o ABSOLUTE
    _printf_n                                0x00000000   Number         0  stubs.o ABSOLUTE
    _printf_o                                0x00000000   Number         0  stubs.o ABSOLUTE
    _printf_p                                0x00000000   Number         0  stubs.o ABSOLUTE
    _printf_percent                          0x00000000   Number         0  stubs.o ABSOLUTE
    _printf_pre_padding                      0x00000000   Number         0  stubs.o ABSOLUTE
    _printf_return_value                     0x00000000   Number         0  stubs.o ABSOLUTE
    _printf_s                                0x00000000   Number         0  stubs.o ABSOLUTE
    _printf_sizespec                         0x00000000   Number         0  stubs.o ABSOLUTE
    _printf_str                              0x00000000   Number         0  stubs.o ABSOLUTE
    _printf_truncate_signed                  0x00000000   Number         0  stubs.o ABSOLUTE
    _printf_truncate_unsigned                0x00000000   Number         0  stubs.o ABSOLUTE
    _printf_u                                0x00000000   Number         0  stubs.o ABSOLUTE
    _printf_wc                               0x00000000   Number         0  stubs.o ABSOLUTE
    _printf_wctomb                           0x00000000   Number         0  stubs.o ABSOLUTE
    _printf_widthprec                        0x00000000   Number         0  stubs.o ABSOLUTE
    _printf_x                                0x00000000   Number         0  stubs.o ABSOLUTE
    __cpp_initialize__aeabi_                  - Undefined Weak Reference
    __cxa_finalize                            - Undefined Weak Reference
    _clock_init                               - Undefined Weak Reference
    _microlib_exit                            - Undefined Weak Reference
    __Vectors_Size                           0x000000ec   Number         0  startup_stm32f10x_md.o ABSOLUTE
    __Vectors                                0x08000000   Data           4  startup_stm32f10x_md.o(RESET)
    __Vectors_End                            0x080000ec   Data           0  startup_stm32f10x_md.o(RESET)
    __main                                   0x080000ed   Thumb Code     0  entry.o(.ARM.Collect$$$$00000000)
    _main_stk                                0x080000ed   Thumb Code     0  entry2.o(.ARM.Collect$$$$00000001)
    _main_scatterload                        0x080000f1   Thumb Code     0  entry5.o(.ARM.Collect$$$$00000004)
    __main_after_scatterload                 0x080000f5   Thumb Code     0  entry5.o(.ARM.Collect$$$$00000004)
    _main_clock                              0x080000f5   Thumb Code     0  entry7b.o(.ARM.Collect$$$$00000008)
    _main_cpp_init                           0x080000f5   Thumb Code     0  entry8b.o(.ARM.Collect$$$$0000000A)
    _main_init                               0x080000f5   Thumb Code     0  entry9a.o(.ARM.Collect$$$$0000000B)
    __rt_final_cpp                           0x080000fd   Thumb Code     0  entry10a.o(.ARM.Collect$$$$0000000D)
    __rt_final_exit                          0x080000fd   Thumb Code     0  entry11a.o(.ARM.Collect$$$$0000000F)
    key_task                                 0x08000101   Thumb Code    16  main.o(.text)
    esp_task                                 0x08000111   Thumb Code    88  main.o(.text)
    usb_task                                 0x08000169   Thumb Code    86  main.o(.text)
    start_task                               0x080001bf   Thumb Code   158  main.o(.text)
    main                                     0x0800025d   Thumb Code    48  main.o(.text)
    NMI_Handler                              0x080002d1   Thumb Code     2  stm32f10x_it.o(.text)
    HardFault_Handler                        0x080002d3   Thumb Code    20  stm32f10x_it.o(.text)
    MemManage_Handler                        0x080002e7   Thumb Code     4  stm32f10x_it.o(.text)
    BusFault_Handler                         0x080002eb   Thumb Code     4  stm32f10x_it.o(.text)
    UsageFault_Handler                       0x080002ef   Thumb Code     4  stm32f10x_it.o(.text)
    SVC_Handler                              0x080002f3   Thumb Code     2  stm32f10x_it.o(.text)
    DebugMon_Handler                         0x080002f5   Thumb Code     2  stm32f10x_it.o(.text)
    SystemInit                               0x080003db   Thumb Code    78  system_stm32f10x.o(.text)
    SystemCoreClockUpdate                    0x08000429   Thumb Code   142  system_stm32f10x.o(.text)
    AT24CXX_Init                             0x080004dd   Thumb Code     8  24cxx.o(.text)
    AT24CXX_ReadOneByte                      0x080004e5   Thumb Code    88  24cxx.o(.text)
    AT24CXX_WriteOneByte                     0x0800053d   Thumb Code    80  24cxx.o(.text)
    AT24CXX_WriteLenByte                     0x0800058d   Thumb Code    42  24cxx.o(.text)
    AT24CXX_ReadLenByte                      0x080005b7   Thumb Code    44  24cxx.o(.text)
    AT24CXX_Check                            0x080005e3   Thumb Code    46  24cxx.o(.text)
    AT24CXX_Read                             0x08000611   Thumb Code    34  24cxx.o(.text)
    AT24CXX_Write                            0x08000633   Thumb Code    36  24cxx.o(.text)
    IIC_Init                                 0x08000659   Thumb Code    46  myiic.o(.text)
    IIC_Start                                0x08000687   Thumb Code    64  myiic.o(.text)
    IIC_Stop                                 0x080006c7   Thumb Code    66  myiic.o(.text)
    IIC_Wait_Ack                             0x08000709   Thumb Code    86  myiic.o(.text)
    IIC_Ack                                  0x0800075f   Thumb Code    70  myiic.o(.text)
    IIC_NAck                                 0x080007a5   Thumb Code    70  myiic.o(.text)
    IIC_Send_Byte                            0x080007eb   Thumb Code    92  myiic.o(.text)
    IIC_Read_Byte                            0x08000847   Thumb Code   100  myiic.o(.text)
    LED_Init                                 0x080008b9   Thumb Code    50  led.o(.text)
    EXTIX_Init                               0x080008f5   Thumb Code   104  exti.o(.text)
    EXTI0_IRQHandler                         0x0800095d   Thumb Code    18  exti.o(.text)
    TIM3_Int_Init                            0x08000975   Thumb Code    90  timer.o(.text)
    TIM4_Int_Init                            0x080009cf   Thumb Code    50  timer.o(.text)
    TIM3_IRQHandler                          0x08000a01   Thumb Code    22  timer.o(.text)
    TIM4_IRQHandler                          0x08000a17   Thumb Code    22  timer.o(.text)
    add_tick                                 0x08000a2d   Thumb Code    12  timer.o(.text)
    get_system_time                          0x08000a39   Thumb Code    20  timer.o(.text)
    USART3_IRQHandler                        0x08000a5d   Thumb Code    72  usart3.o(.text)
    usart3_init                              0x08000aa5   Thumb Code   172  usart3.o(.text)
    u3_printf                                0x08000b51   Thumb Code    72  usart3.o(.text)
    KEY_Init                                 0x08000bad   Thumb Code    32  key.o(.text)
    KEY_Scan                                 0x08000bcd   Thumb Code    30  key.o(.text)
    atk_8266_check_cmd                       0x08000bf1   Thumb Code    44  esp8266.o(.text)
    delay                                    0x08000c1d   Thumb Code    10  esp8266.o(.text)
    atk_8266_send_cmd                        0x08000c27   Thumb Code    82  esp8266.o(.text)
    ESP8266_Init                             0x08000c79   Thumb Code   100  esp8266.o(.text)
    TIM3_PWM_Init                            0x08000d8d   Thumb Code   130  pwm.o(.text)
    US_AddCount                              0x08000e1d   Thumb Code    12  hc_sr.o(.text)
    US_GetCount                              0x08000e29   Thumb Code     6  hc_sr.o(.text)
    US_ClearCount                            0x08000e2f   Thumb Code     8  hc_sr.o(.text)
    HC_SR_Configuration                      0x08000e37   Thumb Code   134  hc_sr.o(.text)
    US_SendStartSignal                       0x08000ebd   Thumb Code    24  hc_sr.o(.text)
    US_DataConversion                        0x08000ed5   Thumb Code    50  hc_sr.o(.text)
    EXTI3_IRQHandler                         0x08000f07   Thumb Code    18  hc_sr.o(.text)
    delay_osschedlock                        0x08000f2d   Thumb Code     8  delay.o(.text)
    delay_osschedunlock                      0x08000f35   Thumb Code     8  delay.o(.text)
    delay_ostimedly                          0x08000f3d   Thumb Code    12  delay.o(.text)
    SysTick_Handler                          0x08000f49   Thumb Code    28  delay.o(.text)
    delay_init                               0x08000f65   Thumb Code    76  delay.o(.text)
    delay_us                                 0x08000fb1   Thumb Code    86  delay.o(.text)
    delay_ms                                 0x08001007   Thumb Code    66  delay.o(.text)
    fputc                                    0x08001061   Thumb Code    24  usart.o(.text)
    uart_init                                0x08001079   Thumb Code   152  usart.o(.text)
    USART1_IRQHandler                        0x08001111   Thumb Code   130  usart.o(.text)
    Reset_Handler                            0x080011a5   Thumb Code     8  startup_stm32f10x_md.o(.text)
    ADC1_2_IRQHandler                        0x080011bf   Thumb Code     0  startup_stm32f10x_md.o(.text)
    CAN1_RX1_IRQHandler                      0x080011bf   Thumb Code     0  startup_stm32f10x_md.o(.text)
    CAN1_SCE_IRQHandler                      0x080011bf   Thumb Code     0  startup_stm32f10x_md.o(.text)
    DMA1_Channel1_IRQHandler                 0x080011bf   Thumb Code     0  startup_stm32f10x_md.o(.text)
    DMA1_Channel2_IRQHandler                 0x080011bf   Thumb Code     0  startup_stm32f10x_md.o(.text)
    DMA1_Channel3_IRQHandler                 0x080011bf   Thumb Code     0  startup_stm32f10x_md.o(.text)
    DMA1_Channel4_IRQHandler                 0x080011bf   Thumb Code     0  startup_stm32f10x_md.o(.text)
    DMA1_Channel5_IRQHandler                 0x080011bf   Thumb Code     0  startup_stm32f10x_md.o(.text)
    DMA1_Channel6_IRQHandler                 0x080011bf   Thumb Code     0  startup_stm32f10x_md.o(.text)
    DMA1_Channel7_IRQHandler                 0x080011bf   Thumb Code     0  startup_stm32f10x_md.o(.text)
    EXTI15_10_IRQHandler                     0x080011bf   Thumb Code     0  startup_stm32f10x_md.o(.text)
    EXTI1_IRQHandler                         0x080011bf   Thumb Code     0  startup_stm32f10x_md.o(.text)
    EXTI2_IRQHandler                         0x080011bf   Thumb Code     0  startup_stm32f10x_md.o(.text)
    EXTI4_IRQHandler                         0x080011bf   Thumb Code     0  startup_stm32f10x_md.o(.text)
    EXTI9_5_IRQHandler                       0x080011bf   Thumb Code     0  startup_stm32f10x_md.o(.text)
    FLASH_IRQHandler                         0x080011bf   Thumb Code     0  startup_stm32f10x_md.o(.text)
    I2C1_ER_IRQHandler                       0x080011bf   Thumb Code     0  startup_stm32f10x_md.o(.text)
    I2C1_EV_IRQHandler                       0x080011bf   Thumb Code     0  startup_stm32f10x_md.o(.text)
    I2C2_ER_IRQHandler                       0x080011bf   Thumb Code     0  startup_stm32f10x_md.o(.text)
    I2C2_EV_IRQHandler                       0x080011bf   Thumb Code     0  startup_stm32f10x_md.o(.text)
    PVD_IRQHandler                           0x080011bf   Thumb Code     0  startup_stm32f10x_md.o(.text)
    RCC_IRQHandler                           0x080011bf   Thumb Code     0  startup_stm32f10x_md.o(.text)
    RTCAlarm_IRQHandler                      0x080011bf   Thumb Code     0  startup_stm32f10x_md.o(.text)
    RTC_IRQHandler                           0x080011bf   Thumb Code     0  startup_stm32f10x_md.o(.text)
    SPI1_IRQHandler                          0x080011bf   Thumb Code     0  startup_stm32f10x_md.o(.text)
    SPI2_IRQHandler                          0x080011bf   Thumb Code     0  startup_stm32f10x_md.o(.text)
    TAMPER_IRQHandler                        0x080011bf   Thumb Code     0  startup_stm32f10x_md.o(.text)
    TIM1_BRK_IRQHandler                      0x080011bf   Thumb Code     0  startup_stm32f10x_md.o(.text)
    TIM1_CC_IRQHandler                       0x080011bf   Thumb Code     0  startup_stm32f10x_md.o(.text)
    TIM1_TRG_COM_IRQHandler                  0x080011bf   Thumb Code     0  startup_stm32f10x_md.o(.text)
    TIM1_UP_IRQHandler                       0x080011bf   Thumb Code     0  startup_stm32f10x_md.o(.text)
    TIM2_IRQHandler                          0x080011bf   Thumb Code     0  startup_stm32f10x_md.o(.text)
    USART2_IRQHandler                        0x080011bf   Thumb Code     0  startup_stm32f10x_md.o(.text)
    USB_HP_CAN1_TX_IRQHandler                0x080011bf   Thumb Code     0  startup_stm32f10x_md.o(.text)
    WWDG_IRQHandler                          0x080011bf   Thumb Code     0  startup_stm32f10x_md.o(.text)
    NVIC_PriorityGroupConfig                 0x080011c9   Thumb Code    10  misc.o(.text)
    NVIC_Init                                0x080011d3   Thumb Code   100  misc.o(.text)
    NVIC_SetVectorTable                      0x08001237   Thumb Code    14  misc.o(.text)
    NVIC_SystemLPConfig                      0x08001245   Thumb Code    34  misc.o(.text)
    SysTick_CLKSourceConfig                  0x08001267   Thumb Code    40  misc.o(.text)
    GPIO_DeInit                              0x080012a5   Thumb Code   172  stm32f10x_gpio.o(.text)
    GPIO_AFIODeInit                          0x08001351   Thumb Code    20  stm32f10x_gpio.o(.text)
    GPIO_Init                                0x08001365   Thumb Code   278  stm32f10x_gpio.o(.text)
    GPIO_StructInit                          0x0800147b   Thumb Code    16  stm32f10x_gpio.o(.text)
    GPIO_ReadInputDataBit                    0x0800148b   Thumb Code    18  stm32f10x_gpio.o(.text)
    GPIO_ReadInputData                       0x0800149d   Thumb Code     8  stm32f10x_gpio.o(.text)
    GPIO_ReadOutputDataBit                   0x080014a5   Thumb Code    18  stm32f10x_gpio.o(.text)
    GPIO_ReadOutputData                      0x080014b7   Thumb Code     8  stm32f10x_gpio.o(.text)
    GPIO_SetBits                             0x080014bf   Thumb Code     4  stm32f10x_gpio.o(.text)
    GPIO_ResetBits                           0x080014c3   Thumb Code     4  stm32f10x_gpio.o(.text)
    GPIO_WriteBit                            0x080014c7   Thumb Code    10  stm32f10x_gpio.o(.text)
    GPIO_Write                               0x080014d1   Thumb Code     4  stm32f10x_gpio.o(.text)
    GPIO_PinLockConfig                       0x080014d5   Thumb Code    18  stm32f10x_gpio.o(.text)
    GPIO_EventOutputConfig                   0x080014e7   Thumb Code    26  stm32f10x_gpio.o(.text)
    GPIO_EventOutputCmd                      0x08001501   Thumb Code     6  stm32f10x_gpio.o(.text)
    GPIO_PinRemapConfig                      0x08001507   Thumb Code   138  stm32f10x_gpio.o(.text)
    GPIO_EXTILineConfig                      0x08001591   Thumb Code    66  stm32f10x_gpio.o(.text)
    GPIO_ETH_MediaInterfaceConfig            0x080015d3   Thumb Code     8  stm32f10x_gpio.o(.text)
    RCC_DeInit                               0x08001601   Thumb Code    64  stm32f10x_rcc.o(.text)
    RCC_HSEConfig                            0x08001641   Thumb Code    70  stm32f10x_rcc.o(.text)
    RCC_GetFlagStatus                        0x08001687   Thumb Code    56  stm32f10x_rcc.o(.text)
    RCC_WaitForHSEStartUp                    0x080016bf   Thumb Code    56  stm32f10x_rcc.o(.text)
    RCC_AdjustHSICalibrationValue            0x080016f7   Thumb Code    20  stm32f10x_rcc.o(.text)
    RCC_HSICmd                               0x0800170b   Thumb Code     6  stm32f10x_rcc.o(.text)
    RCC_PLLConfig                            0x08001711   Thumb Code    24  stm32f10x_rcc.o(.text)
    RCC_PLLCmd                               0x08001729   Thumb Code     6  stm32f10x_rcc.o(.text)
    RCC_SYSCLKConfig                         0x0800172f   Thumb Code    18  stm32f10x_rcc.o(.text)
    RCC_GetSYSCLKSource                      0x08001741   Thumb Code    10  stm32f10x_rcc.o(.text)
    RCC_HCLKConfig                           0x0800174b   Thumb Code    18  stm32f10x_rcc.o(.text)
    RCC_PCLK1Config                          0x0800175d   Thumb Code    18  stm32f10x_rcc.o(.text)
    RCC_PCLK2Config                          0x0800176f   Thumb Code    20  stm32f10x_rcc.o(.text)
    RCC_ITConfig                             0x08001783   Thumb Code    26  stm32f10x_rcc.o(.text)
    RCC_USBCLKConfig                         0x0800179d   Thumb Code     8  stm32f10x_rcc.o(.text)
    RCC_ADCCLKConfig                         0x080017a5   Thumb Code    18  stm32f10x_rcc.o(.text)
    RCC_LSEConfig                            0x080017b7   Thumb Code    50  stm32f10x_rcc.o(.text)
    RCC_LSICmd                               0x080017e9   Thumb Code     6  stm32f10x_rcc.o(.text)
    RCC_RTCCLKConfig                         0x080017ef   Thumb Code    12  stm32f10x_rcc.o(.text)
    RCC_RTCCLKCmd                            0x080017fb   Thumb Code     8  stm32f10x_rcc.o(.text)
    RCC_GetClocksFreq                        0x08001803   Thumb Code   192  stm32f10x_rcc.o(.text)
    RCC_AHBPeriphClockCmd                    0x080018c3   Thumb Code    26  stm32f10x_rcc.o(.text)
    RCC_APB2PeriphClockCmd                   0x080018dd   Thumb Code    26  stm32f10x_rcc.o(.text)
    RCC_APB1PeriphClockCmd                   0x080018f7   Thumb Code    26  stm32f10x_rcc.o(.text)
    RCC_APB2PeriphResetCmd                   0x08001911   Thumb Code    26  stm32f10x_rcc.o(.text)
    RCC_APB1PeriphResetCmd                   0x0800192b   Thumb Code    26  stm32f10x_rcc.o(.text)
    RCC_BackupResetCmd                       0x08001945   Thumb Code     8  stm32f10x_rcc.o(.text)
    RCC_ClockSecuritySystemCmd               0x0800194d   Thumb Code     6  stm32f10x_rcc.o(.text)
    RCC_MCOConfig                            0x08001953   Thumb Code     6  stm32f10x_rcc.o(.text)
    RCC_ClearFlag                            0x08001959   Thumb Code    14  stm32f10x_rcc.o(.text)
    RCC_GetITStatus                          0x08001967   Thumb Code    20  stm32f10x_rcc.o(.text)
    RCC_ClearITPendingBit                    0x0800197b   Thumb Code     6  stm32f10x_rcc.o(.text)
    USART_DeInit                             0x080019a5   Thumb Code   134  stm32f10x_usart.o(.text)
    USART_Init                               0x08001a2b   Thumb Code   210  stm32f10x_usart.o(.text)
    USART_StructInit                         0x08001afd   Thumb Code    24  stm32f10x_usart.o(.text)
    USART_ClockInit                          0x08001b15   Thumb Code    34  stm32f10x_usart.o(.text)
    USART_ClockStructInit                    0x08001b37   Thumb Code    12  stm32f10x_usart.o(.text)
    USART_Cmd                                0x08001b43   Thumb Code    24  stm32f10x_usart.o(.text)
    USART_ITConfig                           0x08001b5b   Thumb Code    74  stm32f10x_usart.o(.text)
    USART_DMACmd                             0x08001ba5   Thumb Code    18  stm32f10x_usart.o(.text)
    USART_SetAddress                         0x08001bb7   Thumb Code    18  stm32f10x_usart.o(.text)
    USART_WakeUpConfig                       0x08001bc9   Thumb Code    18  stm32f10x_usart.o(.text)
    USART_ReceiverWakeUpCmd                  0x08001bdb   Thumb Code    24  stm32f10x_usart.o(.text)
    USART_LINBreakDetectLengthConfig         0x08001bf3   Thumb Code    18  stm32f10x_usart.o(.text)
    USART_LINCmd                             0x08001c05   Thumb Code    24  stm32f10x_usart.o(.text)
    USART_SendData                           0x08001c1d   Thumb Code     8  stm32f10x_usart.o(.text)
    USART_ReceiveData                        0x08001c25   Thumb Code    10  stm32f10x_usart.o(.text)
    USART_SendBreak                          0x08001c2f   Thumb Code    10  stm32f10x_usart.o(.text)
    USART_SetGuardTime                       0x08001c39   Thumb Code    16  stm32f10x_usart.o(.text)
    USART_SetPrescaler                       0x08001c49   Thumb Code    16  stm32f10x_usart.o(.text)
    USART_SmartCardCmd                       0x08001c59   Thumb Code    24  stm32f10x_usart.o(.text)
    USART_SmartCardNACKCmd                   0x08001c71   Thumb Code    24  stm32f10x_usart.o(.text)
    USART_HalfDuplexCmd                      0x08001c89   Thumb Code    24  stm32f10x_usart.o(.text)
    USART_OverSampling8Cmd                   0x08001ca1   Thumb Code    22  stm32f10x_usart.o(.text)
    USART_OneBitMethodCmd                    0x08001cb7   Thumb Code    24  stm32f10x_usart.o(.text)
    USART_IrDAConfig                         0x08001ccf   Thumb Code    18  stm32f10x_usart.o(.text)
    USART_IrDACmd                            0x08001ce1   Thumb Code    24  stm32f10x_usart.o(.text)
    USART_GetFlagStatus                      0x08001cf9   Thumb Code    26  stm32f10x_usart.o(.text)
    USART_ClearFlag                          0x08001d13   Thumb Code    18  stm32f10x_usart.o(.text)
    USART_GetITStatus                        0x08001d25   Thumb Code    84  stm32f10x_usart.o(.text)
    USART_ClearITPendingBit                  0x08001d79   Thumb Code    52  stm32f10x_usart.o(.text)
    EXTI_DeInit                              0x08001dad   Thumb Code    28  stm32f10x_exti.o(.text)
    EXTI_Init                                0x08001dc9   Thumb Code   142  stm32f10x_exti.o(.text)
    EXTI_StructInit                          0x08001e57   Thumb Code    16  stm32f10x_exti.o(.text)
    EXTI_GenerateSWInterrupt                 0x08001e67   Thumb Code    16  stm32f10x_exti.o(.text)
    EXTI_GetFlagStatus                       0x08001e77   Thumb Code    22  stm32f10x_exti.o(.text)
    EXTI_ClearFlag                           0x08001e8d   Thumb Code     8  stm32f10x_exti.o(.text)
    EXTI_GetITStatus                         0x08001e95   Thumb Code    34  stm32f10x_exti.o(.text)
    EXTI_ClearITPendingBit                   0x08001eb7   Thumb Code     8  stm32f10x_exti.o(.text)
    TIM_DeInit                               0x08001ec9   Thumb Code   424  stm32f10x_tim.o(.text)
    TIM_TimeBaseInit                         0x08002071   Thumb Code   122  stm32f10x_tim.o(.text)
    TIM_OC1Init                              0x080020eb   Thumb Code   132  stm32f10x_tim.o(.text)
    TIM_OC2Init                              0x0800216f   Thumb Code   154  stm32f10x_tim.o(.text)
    TIM_OC3Init                              0x08002209   Thumb Code   150  stm32f10x_tim.o(.text)
    TIM_OC4Init                              0x0800229f   Thumb Code   182  stm32f10x_tim.o(.text)
    TIM_SetIC4Prescaler                      0x08002355   Thumb Code    26  stm32f10x_tim.o(.text)
    TIM_SetIC3Prescaler                      0x080023f1   Thumb Code    18  stm32f10x_tim.o(.text)
    TIM_SetIC2Prescaler                      0x0800247d   Thumb Code    26  stm32f10x_tim.o(.text)
    TIM_SetIC1Prescaler                      0x08002519   Thumb Code    18  stm32f10x_tim.o(.text)
    TIM_ICInit                               0x08002597   Thumb Code   150  stm32f10x_tim.o(.text)
    TIM_PWMIConfig                           0x0800262d   Thumb Code   124  stm32f10x_tim.o(.text)
    TIM_BDTRConfig                           0x080026a9   Thumb Code    32  stm32f10x_tim.o(.text)
    TIM_TimeBaseStructInit                   0x080026c9   Thumb Code    18  stm32f10x_tim.o(.text)
    TIM_OCStructInit                         0x080026db   Thumb Code    20  stm32f10x_tim.o(.text)
    TIM_ICStructInit                         0x080026ef   Thumb Code    18  stm32f10x_tim.o(.text)
    TIM_BDTRStructInit                       0x08002701   Thumb Code    40  stm32f10x_tim.o(.text)
    TIM_Cmd                                  0x08002729   Thumb Code    24  stm32f10x_tim.o(.text)
    TIM_CtrlPWMOutputs                       0x08002741   Thumb Code    30  stm32f10x_tim.o(.text)
    TIM_ITConfig                             0x0800275f   Thumb Code    18  stm32f10x_tim.o(.text)
    TIM_GenerateEvent                        0x08002771   Thumb Code     4  stm32f10x_tim.o(.text)
    TIM_DMAConfig                            0x08002775   Thumb Code    10  stm32f10x_tim.o(.text)
    TIM_DMACmd                               0x0800277f   Thumb Code    18  stm32f10x_tim.o(.text)
    TIM_InternalClockConfig                  0x08002791   Thumb Code    12  stm32f10x_tim.o(.text)
    TIM_SelectInputTrigger                   0x0800279d   Thumb Code    18  stm32f10x_tim.o(.text)
    TIM_ITRxExternalClockConfig              0x080027af   Thumb Code    24  stm32f10x_tim.o(.text)
    TIM_TIxExternalClockConfig               0x080027c7   Thumb Code    62  stm32f10x_tim.o(.text)
    TIM_ETRConfig                            0x08002805   Thumb Code    28  stm32f10x_tim.o(.text)
    TIM_ETRClockMode1Config                  0x08002821   Thumb Code    54  stm32f10x_tim.o(.text)
    TIM_ETRClockMode2Config                  0x08002857   Thumb Code    32  stm32f10x_tim.o(.text)
    TIM_PrescalerConfig                      0x08002877   Thumb Code     6  stm32f10x_tim.o(.text)
    TIM_CounterModeConfig                    0x0800287d   Thumb Code    18  stm32f10x_tim.o(.text)
    TIM_EncoderInterfaceConfig               0x0800288f   Thumb Code    66  stm32f10x_tim.o(.text)
    TIM_ForcedOC1Config                      0x080028d1   Thumb Code    18  stm32f10x_tim.o(.text)
    TIM_ForcedOC2Config                      0x080028e3   Thumb Code    26  stm32f10x_tim.o(.text)
    TIM_ForcedOC3Config                      0x080028fd   Thumb Code    18  stm32f10x_tim.o(.text)
    TIM_ForcedOC4Config                      0x0800290f   Thumb Code    26  stm32f10x_tim.o(.text)
    TIM_ARRPreloadConfig                     0x08002929   Thumb Code    24  stm32f10x_tim.o(.text)
    TIM_SelectCOM                            0x08002941   Thumb Code    24  stm32f10x_tim.o(.text)
    TIM_SelectCCDMA                          0x08002959   Thumb Code    24  stm32f10x_tim.o(.text)
    TIM_CCPreloadControl                     0x08002971   Thumb Code    24  stm32f10x_tim.o(.text)
    TIM_OC1PreloadConfig                     0x08002989   Thumb Code    18  stm32f10x_tim.o(.text)
    TIM_OC2PreloadConfig                     0x0800299b   Thumb Code    26  stm32f10x_tim.o(.text)
    TIM_OC3PreloadConfig                     0x080029b5   Thumb Code    18  stm32f10x_tim.o(.text)
    TIM_OC4PreloadConfig                     0x080029c7   Thumb Code    26  stm32f10x_tim.o(.text)
    TIM_OC1FastConfig                        0x080029e1   Thumb Code    18  stm32f10x_tim.o(.text)
    TIM_OC2FastConfig                        0x080029f3   Thumb Code    26  stm32f10x_tim.o(.text)
    TIM_OC3FastConfig                        0x08002a0d   Thumb Code    18  stm32f10x_tim.o(.text)
    TIM_OC4FastConfig                        0x08002a1f   Thumb Code    26  stm32f10x_tim.o(.text)
    TIM_ClearOC1Ref                          0x08002a39   Thumb Code    18  stm32f10x_tim.o(.text)
    TIM_ClearOC2Ref                          0x08002a4b   Thumb Code    24  stm32f10x_tim.o(.text)
    TIM_ClearOC3Ref                          0x08002a63   Thumb Code    18  stm32f10x_tim.o(.text)
    TIM_ClearOC4Ref                          0x08002a75   Thumb Code    24  stm32f10x_tim.o(.text)
    TIM_OC1PolarityConfig                    0x08002a8d   Thumb Code    18  stm32f10x_tim.o(.text)
    TIM_OC1NPolarityConfig                   0x08002a9f   Thumb Code    18  stm32f10x_tim.o(.text)
    TIM_OC2PolarityConfig                    0x08002ab1   Thumb Code    26  stm32f10x_tim.o(.text)
    TIM_OC2NPolarityConfig                   0x08002acb   Thumb Code    26  stm32f10x_tim.o(.text)
    TIM_OC3PolarityConfig                    0x08002ae5   Thumb Code    26  stm32f10x_tim.o(.text)
    TIM_OC3NPolarityConfig                   0x08002aff   Thumb Code    26  stm32f10x_tim.o(.text)
    TIM_OC4PolarityConfig                    0x08002b19   Thumb Code    26  stm32f10x_tim.o(.text)
    TIM_CCxCmd                               0x08002b33   Thumb Code    30  stm32f10x_tim.o(.text)
    TIM_CCxNCmd                              0x08002b51   Thumb Code    30  stm32f10x_tim.o(.text)
    TIM_SelectOCxM                           0x08002b6f   Thumb Code    82  stm32f10x_tim.o(.text)
    TIM_UpdateDisableConfig                  0x08002bc1   Thumb Code    24  stm32f10x_tim.o(.text)
    TIM_UpdateRequestConfig                  0x08002bd9   Thumb Code    24  stm32f10x_tim.o(.text)
    TIM_SelectHallSensor                     0x08002bf1   Thumb Code    24  stm32f10x_tim.o(.text)
    TIM_SelectOnePulseMode                   0x08002c09   Thumb Code    18  stm32f10x_tim.o(.text)
    TIM_SelectOutputTrigger                  0x08002c1b   Thumb Code    18  stm32f10x_tim.o(.text)
    TIM_SelectSlaveMode                      0x08002c2d   Thumb Code    18  stm32f10x_tim.o(.text)
    TIM_SelectMasterSlaveMode                0x08002c3f   Thumb Code    18  stm32f10x_tim.o(.text)
    TIM_SetCounter                           0x08002c51   Thumb Code     4  stm32f10x_tim.o(.text)
    TIM_SetAutoreload                        0x08002c55   Thumb Code     4  stm32f10x_tim.o(.text)
    TIM_SetCompare1                          0x08002c59   Thumb Code     4  stm32f10x_tim.o(.text)
    TIM_SetCompare2                          0x08002c5d   Thumb Code     4  stm32f10x_tim.o(.text)
    TIM_SetCompare3                          0x08002c61   Thumb Code     4  stm32f10x_tim.o(.text)
    TIM_SetCompare4                          0x08002c65   Thumb Code     6  stm32f10x_tim.o(.text)
    TIM_SetClockDivision                     0x08002c6b   Thumb Code    18  stm32f10x_tim.o(.text)
    TIM_GetCapture1                          0x08002c7d   Thumb Code     6  stm32f10x_tim.o(.text)
    TIM_GetCapture2                          0x08002c83   Thumb Code     6  stm32f10x_tim.o(.text)
    TIM_GetCapture3                          0x08002c89   Thumb Code     6  stm32f10x_tim.o(.text)
    TIM_GetCapture4                          0x08002c8f   Thumb Code     8  stm32f10x_tim.o(.text)
    TIM_GetCounter                           0x08002c97   Thumb Code     6  stm32f10x_tim.o(.text)
    TIM_GetPrescaler                         0x08002c9d   Thumb Code     6  stm32f10x_tim.o(.text)
    TIM_GetFlagStatus                        0x08002ca3   Thumb Code    18  stm32f10x_tim.o(.text)
    TIM_ClearFlag                            0x08002cb5   Thumb Code     6  stm32f10x_tim.o(.text)
    TIM_GetITStatus                          0x08002cbb   Thumb Code    34  stm32f10x_tim.o(.text)
    TIM_ClearITPendingBit                    0x08002cdd   Thumb Code     6  stm32f10x_tim.o(.text)
    OS_TaskStatStkChk                        0x08002ce5   Thumb Code    54  os_core.o(.text)
    OS_TaskStat                              0x08002d1b   Thumb Code   116  os_core.o(.text)
    OS_TaskIdle                              0x08002dc3   Thumb Code    34  os_core.o(.text)
    OS_MemClr                                0x08002e19   Thumb Code    18  os_core.o(.text)
    OSInit                                   0x08002f37   Thumb Code    48  os_core.o(.text)
    OSIntEnter                               0x08002f67   Thumb Code    28  os_core.o(.text)
    OSIntExit                                0x08002f9d   Thumb Code   112  os_core.o(.text)
    OSSchedLock                              0x0800300d   Thumb Code    50  os_core.o(.text)
    OS_Sched                                 0x0800303f   Thumb Code    88  os_core.o(.text)
    OSSchedUnlock                            0x08003097   Thumb Code   238  os_core.o(.text)
    OSStart                                  0x08003185   Thumb Code    48  os_core.o(.text)
    OSStatInit                               0x080031b5   Thumb Code    62  os_core.o(.text)
    OSTimeTick                               0x080031f3   Thumb Code   210  os_core.o(.text)
    OSVersion                                0x080032c5   Thumb Code     6  os_core.o(.text)
    OS_Dummy                                 0x080032cb   Thumb Code     2  os_core.o(.text)
    OS_EventTaskRemove                       0x080032cd   Thumb Code    42  os_core.o(.text)
    OS_EventTaskRdy                          0x080032f7   Thumb Code   114  os_core.o(.text)
    OS_EventTaskWait                         0x08003369   Thumb Code   112  os_core.o(.text)
    OS_EventWaitListInit                     0x080033d9   Thumb Code    28  os_core.o(.text)
    OS_MemCopy                               0x080033f5   Thumb Code    20  os_core.o(.text)
    OS_StrLen                                0x08003409   Thumb Code    20  os_core.o(.text)
    OS_TCBInit                               0x0800341d   Thumb Code   280  os_core.o(.text)
    OSFlagAccept                             0x08003579   Thumb Code   252  os_flag.o(.text)
    OSFlagCreate                             0x08003675   Thumb Code    86  os_flag.o(.text)
    OS_FlagUnlink                            0x080036cb   Thumb Code    36  os_flag.o(.text)
    OSFlagDel                                0x08003741   Thumb Code   214  os_flag.o(.text)
    OSFlagNameGet                            0x08003817   Thumb Code    80  os_flag.o(.text)
    OSFlagNameSet                            0x08003867   Thumb Code    66  os_flag.o(.text)
    OSFlagPend                               0x08003941   Thumb Code   614  os_flag.o(.text)
    OSFlagPendGetFlagsRdy                    0x08003ba7   Thumb Code    26  os_flag.o(.text)
    OSFlagPost                               0x08003bc1   Thumb Code   312  os_flag.o(.text)
    OSFlagQuery                              0x08003cf9   Thumb Code    48  os_flag.o(.text)
    OS_FlagInit                              0x08003d29   Thumb Code    78  os_flag.o(.text)
    OSQAccept                                0x08003d85   Thumb Code    88  os_q.o(.text)
    OSQCreate                                0x08003ddd   Thumb Code   140  os_q.o(.text)
    OSQDel                                   0x08003e69   Thumb Code   236  os_q.o(.text)
    OSQFlush                                 0x08003f55   Thumb Code    36  os_q.o(.text)
    OSQPend                                  0x08003f79   Thumb Code   272  os_q.o(.text)
    OSQPendAbort                             0x08004089   Thumb Code   128  os_q.o(.text)
    OSQPost                                  0x08004109   Thumb Code   114  os_q.o(.text)
    OSQPostFront                             0x0800417b   Thumb Code   136  os_q.o(.text)
    OSQPostOpt                               0x08004203   Thumb Code   182  os_q.o(.text)
    OSQQuery                                 0x080042b9   Thumb Code    98  os_q.o(.text)
    OS_QInit                                 0x0800431b   Thumb Code    72  os_q.o(.text)
    OSSemAccept                              0x0800436d   Thumb Code    42  os_sem.o(.text)
    OSSemCreate                              0x08004397   Thumb Code    68  os_sem.o(.text)
    OSSemDel                                 0x080043db   Thumb Code   200  os_sem.o(.text)
    OSSemPend                                0x080044a3   Thumb Code   222  os_sem.o(.text)
    OSSemPendAbort                           0x08004581   Thumb Code   128  os_sem.o(.text)
    OSSemPost                                0x08004601   Thumb Code    88  os_sem.o(.text)
    OSSemQuery                               0x08004659   Thumb Code    76  os_sem.o(.text)
    OSSemSet                                 0x080046a5   Thumb Code    66  os_sem.o(.text)
    OSTaskChangePrio                         0x080046f9   Thumb Code   308  os_task.o(.text)
    OSTaskCreate                             0x0800482d   Thumb Code   148  os_task.o(.text)
    OS_TaskStkClr                            0x080048c1   Thumb Code    26  os_task.o(.text)
    OSTaskCreateExt                          0x080048db   Thumb Code   170  os_task.o(.text)
    OSTaskDel                                0x08004985   Thumb Code   294  os_task.o(.text)
    OSTaskDelReq                             0x08004aab   Thumb Code   144  os_task.o(.text)
    OSTaskNameGet                            0x08004b3b   Thumb Code   114  os_task.o(.text)
    OSTaskNameSet                            0x08004bad   Thumb Code    98  os_task.o(.text)
    OSTaskResume                             0x08004c0f   Thumb Code   154  os_task.o(.text)
    OSTaskStkChk                             0x08004ca9   Thumb Code   132  os_task.o(.text)
    OSTaskSuspend                            0x08004d2d   Thumb Code   152  os_task.o(.text)
    OSTaskQuery                              0x08004dc5   Thumb Code    82  os_task.o(.text)
    OSTaskRegGet                             0x08004e17   Thumb Code    60  os_task.o(.text)
    OSTaskRegSet                             0x08004e53   Thumb Code    62  os_task.o(.text)
    OS_TaskReturn                            0x08004e91   Thumb Code    18  os_task.o(.text)
    OSTimeDly                                0x08004ebd   Thumb Code   100  os_time.o(.text)
    OSTimeDlyHMSM                            0x08004f21   Thumb Code    86  os_time.o(.text)
    OSTimeDlyResume                          0x08004f77   Thumb Code   168  os_time.o(.text)
    OSTimeGet                                0x0800501f   Thumb Code    24  os_time.o(.text)
    OSTimeSet                                0x08005037   Thumb Code    24  os_time.o(.text)
    OSTmrCreate                              0x0800509f   Thumb Code    96  os_tmr.o(.text)
    OSTmrDel                                 0x08005177   Thumb Code   124  os_tmr.o(.text)
    OSTmrNameGet                             0x080051f3   Thumb Code   114  os_tmr.o(.text)
    OSTmrRemainGet                           0x08005265   Thumb Code   164  os_tmr.o(.text)
    OSTmrStateGet                            0x08005309   Thumb Code    86  os_tmr.o(.text)
    OSTmrStart                               0x080053c3   Thumb Code   128  os_tmr.o(.text)
    OSTmrStop                                0x08005443   Thumb Code   210  os_tmr.o(.text)
    OSTmrSignal                              0x08005515   Thumb Code    16  os_tmr.o(.text)
    OSTmr_Init                               0x080055c9   Thumb Code   152  os_tmr.o(.text)
    OS_CPU_SR_Save                           0x080056a1   Thumb Code     0  os_cpu_a.o(.text)
    OS_CPU_SR_Restore                        0x080056a9   Thumb Code     0  os_cpu_a.o(.text)
    OSStartHighRdy                           0x080056af   Thumb Code     0  os_cpu_a.o(.text)
    OSCtxSw                                  0x080056d1   Thumb Code     0  os_cpu_a.o(.text)
    OSIntCtxSw                               0x080056df   Thumb Code     0  os_cpu_a.o(.text)
    PendSV_Handler                           0x080056ef   Thumb Code     0  os_cpu_a.o(.text)
    OSInitHookBegin                          0x08005755   Thumb Code     8  os_cpu_c.o(.text)
    OSInitHookEnd                            0x0800575d   Thumb Code     2  os_cpu_c.o(.text)
    OSTaskCreateHook                         0x0800575f   Thumb Code     2  os_cpu_c.o(.text)
    OSTaskDelHook                            0x08005761   Thumb Code     2  os_cpu_c.o(.text)
    OSTaskIdleHook                           0x08005763   Thumb Code     2  os_cpu_c.o(.text)
    OSTaskStatHook                           0x08005765   Thumb Code     2  os_cpu_c.o(.text)
    OSTaskStkInit                            0x08005767   Thumb Code   154  os_cpu_c.o(.text)
    OSTaskSwHook                             0x08005801   Thumb Code     2  os_cpu_c.o(.text)
    OSTCBInitHook                            0x08005803   Thumb Code     2  os_cpu_c.o(.text)
    OSTimeTickHook                           0x08005805   Thumb Code    30  os_cpu_c.o(.text)
    OSTaskReturnHook                         0x08005823   Thumb Code     2  os_cpu_c.o(.text)
    Standard_GetConfiguration                0x08005829   Thumb Code    34  usb_core.o(.text)
    Standard_SetConfiguration                0x0800584b   Thumb Code    60  usb_core.o(.text)
    Standard_GetInterface                    0x08005887   Thumb Code    34  usb_core.o(.text)
    Standard_SetInterface                    0x080058a9   Thumb Code    96  usb_core.o(.text)
    Standard_GetStatus                       0x08005909   Thumb Code   238  usb_core.o(.text)
    Standard_ClearFeature                    0x080059f7   Thumb Code   342  usb_core.o(.text)
    Standard_SetEndPointFeature              0x08005b4d   Thumb Code   220  usb_core.o(.text)
    Standard_SetDeviceFeature                0x08005c29   Thumb Code    30  usb_core.o(.text)
    Standard_GetDescriptorData               0x08005c47   Thumb Code    32  usb_core.o(.text)
    Post0_Process                            0x0800617b   Thumb Code    54  usb_core.o(.text)
    Setup0_Process                           0x080061b1   Thumb Code   170  usb_core.o(.text)
    SetDeviceAddress                         0x0800625b   Thumb Code    70  usb_core.o(.text)
    In0_Process                              0x080062a1   Thumb Code    98  usb_core.o(.text)
    Out0_Process                             0x08006303   Thumb Code    70  usb_core.o(.text)
    NOP_Process                              0x08006349   Thumb Code     2  usb_core.o(.text)
    USB_Init                                 0x08006379   Thumb Code    36  usb_init.o(.text)
    CTR_LP                                   0x080063b5   Thumb Code   616  usb_int.o(.text)
    CTR_HP                                   0x0800661d   Thumb Code   178  usb_int.o(.text)
    UserToPMABufferCopy                      0x080066f1   Thumb Code    52  usb_mem.o(.text)
    PMAToUserBufferCopy                      0x08006725   Thumb Code    34  usb_mem.o(.text)
    SetCNTR                                  0x0800674d   Thumb Code     6  usb_regs.o(.text)
    GetCNTR                                  0x08006753   Thumb Code     8  usb_regs.o(.text)
    SetISTR                                  0x0800675b   Thumb Code     8  usb_regs.o(.text)
    GetISTR                                  0x08006763   Thumb Code    10  usb_regs.o(.text)
    GetFNR                                   0x0800676d   Thumb Code    10  usb_regs.o(.text)
    SetDADDR                                 0x08006777   Thumb Code     8  usb_regs.o(.text)
    GetDADDR                                 0x0800677f   Thumb Code    10  usb_regs.o(.text)
    SetBTABLE                                0x08006789   Thumb Code    14  usb_regs.o(.text)
    GetBTABLE                                0x08006797   Thumb Code    10  usb_regs.o(.text)
    SetENDPOINT                              0x080067a1   Thumb Code    12  usb_regs.o(.text)
    GetENDPOINT                              0x080067ad   Thumb Code    16  usb_regs.o(.text)
    SetEPType                                0x080067bd   Thumb Code    32  usb_regs.o(.text)
    GetEPType                                0x080067dd   Thumb Code    18  usb_regs.o(.text)
    SetEPTxStatus                            0x080067ef   Thumb Code    60  usb_regs.o(.text)
    SetEPRxStatus                            0x0800682b   Thumb Code    60  usb_regs.o(.text)
    SetDouBleBuffEPStall                     0x08006867   Thumb Code    54  usb_regs.o(.text)
    GetEPTxStatus                            0x0800689d   Thumb Code    18  usb_regs.o(.text)
    GetEPRxStatus                            0x080068af   Thumb Code    18  usb_regs.o(.text)
    SetEPTxValid                             0x080068c1   Thumb Code    48  usb_regs.o(.text)
    SetEPRxValid                             0x080068f1   Thumb Code    48  usb_regs.o(.text)
    SetEP_KIND                               0x08006921   Thumb Code    38  usb_regs.o(.text)
    ClearEP_KIND                             0x08006947   Thumb Code    34  usb_regs.o(.text)
    Clear_Status_Out                         0x08006969   Thumb Code    34  usb_regs.o(.text)
    Set_Status_Out                           0x0800698b   Thumb Code    38  usb_regs.o(.text)
    SetEPDoubleBuff                          0x080069b1   Thumb Code    38  usb_regs.o(.text)
    ClearEPDoubleBuff                        0x080069d7   Thumb Code    34  usb_regs.o(.text)
    GetTxStallStatus                         0x080069f9   Thumb Code    28  usb_regs.o(.text)
    GetRxStallStatus                         0x08006a15   Thumb Code    30  usb_regs.o(.text)
    ClearEP_CTR_RX                           0x08006a33   Thumb Code    32  usb_regs.o(.text)
    ClearEP_CTR_TX                           0x08006a53   Thumb Code    28  usb_regs.o(.text)
    ToggleDTOG_RX                            0x08006a6f   Thumb Code    34  usb_regs.o(.text)
    ToggleDTOG_TX                            0x08006a91   Thumb Code    34  usb_regs.o(.text)
    ClearDTOG_RX                             0x08006ab3   Thumb Code    48  usb_regs.o(.text)
    ClearDTOG_TX                             0x08006ae3   Thumb Code    48  usb_regs.o(.text)
    SetEPAddress                             0x08006b13   Thumb Code    46  usb_regs.o(.text)
    GetEPAddress                             0x08006b41   Thumb Code    18  usb_regs.o(.text)
    SetEPTxAddr                              0x08006b53   Thumb Code    24  usb_regs.o(.text)
    SetEPRxAddr                              0x08006b6b   Thumb Code    26  usb_regs.o(.text)
    GetEPTxAddr                              0x08006b85   Thumb Code    22  usb_regs.o(.text)
    GetEPRxAddr                              0x08006b9b   Thumb Code    24  usb_regs.o(.text)
    SetEPTxCount                             0x08006bb3   Thumb Code    20  usb_regs.o(.text)
    SetEPCountRxReg                          0x08006bc7   Thumb Code    48  usb_regs.o(.text)
    SetEPRxCount                             0x08006bf7   Thumb Code    68  usb_regs.o(.text)
    GetEPTxCount                             0x08006c3b   Thumb Code    26  usb_regs.o(.text)
    GetEPRxCount                             0x08006c55   Thumb Code    26  usb_regs.o(.text)
    SetEPDblBuffAddr                         0x08006c6f   Thumb Code    44  usb_regs.o(.text)
    SetEPDblBuf0Addr                         0x08006c9b   Thumb Code    24  usb_regs.o(.text)
    SetEPDblBuf1Addr                         0x08006cb3   Thumb Code    26  usb_regs.o(.text)
    GetEPDblBuf0Addr                         0x08006ccd   Thumb Code    22  usb_regs.o(.text)
    GetEPDblBuf1Addr                         0x08006ce3   Thumb Code    24  usb_regs.o(.text)
    SetEPDblBuffCount                        0x08006cfb   Thumb Code   186  usb_regs.o(.text)
    SetEPDblBuf0Count                        0x08006db5   Thumb Code    96  usb_regs.o(.text)
    SetEPDblBuf1Count                        0x08006e15   Thumb Code    96  usb_regs.o(.text)
    GetEPDblBuf0Count                        0x08006e75   Thumb Code    26  usb_regs.o(.text)
    GetEPDblBuf1Count                        0x08006e8f   Thumb Code    26  usb_regs.o(.text)
    GetEPDblBufDir                           0x08006ea9   Thumb Code    62  usb_regs.o(.text)
    FreeUserBuffer                           0x08006ee7   Thumb Code    90  usb_regs.o(.text)
    ToWord                                   0x08006f41   Thumb Code     8  usb_regs.o(.text)
    ByteSwap                                 0x08006f49   Thumb Code    12  usb_regs.o(.text)
    USB_SIL_Init                             0x08006f55   Thumb Code    28  usb_sil.o(.text)
    USB_SIL_Write                            0x08006f71   Thumb Code    46  usb_sil.o(.text)
    USB_SIL_Read                             0x08006f9f   Thumb Code    46  usb_sil.o(.text)
    USBWakeUp_IRQHandler                     0x08006fd5   Thumb Code    12  hw_config.o(.text)
    USB_LP_CAN1_RX0_IRQHandler               0x08006fe1   Thumb Code     8  hw_config.o(.text)
    Set_USBClock                             0x08006fe9   Thumb Code    18  hw_config.o(.text)
    Enter_LowPowerMode                       0x08006ffb   Thumb Code    16  hw_config.o(.text)
    Leave_LowPowerMode                       0x0800700b   Thumb Code    30  hw_config.o(.text)
    USB_Interrupts_Config                    0x08007029   Thumb Code    84  hw_config.o(.text)
    USB_Cable_Config                         0x0800707d   Thumb Code    22  hw_config.o(.text)
    USB_Port_Set                             0x08007093   Thumb Code    74  hw_config.o(.text)
    IntToUnicode                             0x080070dd   Thumb Code    62  hw_config.o(.text)
    Get_SerialNum                            0x0800711b   Thumb Code    42  hw_config.o(.text)
    USART_Config                             0x08007145   Thumb Code    62  hw_config.o(.text)
    USB_To_USART_Send_Data                   0x08007183   Thumb Code   120  hw_config.o(.text)
    USB_USART_SendData                       0x080071fb   Thumb Code    42  hw_config.o(.text)
    usb_printf                               0x08007225   Thumb Code    56  hw_config.o(.text)
    EP1_IN_Callback                          0x08007359   Thumb Code   138  usb_endp.o(.text)
    EP3_OUT_Callback                         0x080073e3   Thumb Code    28  usb_endp.o(.text)
    SOF_Callback                             0x080073ff   Thumb Code    38  usb_endp.o(.text)
    USB_Istr                                 0x08007435   Thumb Code   426  usb_istr.o(.text)
    Virtual_Com_Port_init                    0x08007605   Thumb Code    30  usb_prop.o(.text)
    Virtual_Com_Port_Reset                   0x08007623   Thumb Code   216  usb_prop.o(.text)
    Virtual_Com_Port_SetConfiguration        0x080076fb   Thumb Code    14  usb_prop.o(.text)
    Virtual_Com_Port_SetDeviceAddress        0x08007709   Thumb Code     8  usb_prop.o(.text)
    Virtual_Com_Port_Status_In               0x08007711   Thumb Code    22  usb_prop.o(.text)
    Virtual_Com_Port_Status_Out              0x08007727   Thumb Code     2  usb_prop.o(.text)
    Virtual_Com_Port_SetLineCoding           0x08007729   Thumb Code    20  usb_prop.o(.text)
    Virtual_Com_Port_GetLineCoding           0x0800773d   Thumb Code    20  usb_prop.o(.text)
    Virtual_Com_Port_Data_Setup              0x08007751   Thumb Code    86  usb_prop.o(.text)
    Virtual_Com_Port_NoData_Setup            0x080077a7   Thumb Code    36  usb_prop.o(.text)
    Virtual_Com_Port_GetDeviceDescriptor     0x080077cb   Thumb Code    14  usb_prop.o(.text)
    Virtual_Com_Port_GetConfigDescriptor     0x080077d9   Thumb Code    14  usb_prop.o(.text)
    Virtual_Com_Port_GetStringDescriptor     0x080077e7   Thumb Code    32  usb_prop.o(.text)
    Virtual_Com_Port_Get_Interface_Setting   0x08007807   Thumb Code    22  usb_prop.o(.text)
    PowerOn                                  0x08007845   Thumb Code    54  usb_pwr.o(.text)
    PowerOff                                 0x0800787b   Thumb Code    28  usb_pwr.o(.text)
    Suspend                                  0x08007897   Thumb Code   142  usb_pwr.o(.text)
    Resume_Init                              0x08007925   Thumb Code    30  usb_pwr.o(.text)
    Resume                                   0x08007943   Thumb Code   194  usb_pwr.o(.text)
    __aeabi_memcpy                           0x08007a1d   Thumb Code    36  memcpya.o(.text)
    __aeabi_memcpy4                          0x08007a1d   Thumb Code     0  memcpya.o(.text)
    __aeabi_memcpy8                          0x08007a1d   Thumb Code     0  memcpya.o(.text)
    strstr                                   0x08007a41   Thumb Code    36  strstr.o(.text)
    strlen                                   0x08007a65   Thumb Code    14  strlen.o(.text)
    __aeabi_fdiv                             0x08007a73   Thumb Code   124  fdiv.o(.text)
    __aeabi_dadd                             0x08007aef   Thumb Code   322  dadd.o(.text)
    __aeabi_dsub                             0x08007c31   Thumb Code     6  dadd.o(.text)
    __aeabi_drsub                            0x08007c37   Thumb Code     6  dadd.o(.text)
    __aeabi_dmul                             0x08007c3d   Thumb Code   228  dmul.o(.text)
    __aeabi_ddiv                             0x08007d21   Thumb Code   222  ddiv.o(.text)
    __aeabi_i2f                              0x08007dff   Thumb Code    18  fflti.o(.text)
    __aeabi_ui2f                             0x08007e11   Thumb Code    10  ffltui.o(.text)
    __aeabi_f2d                              0x08007e1b   Thumb Code    38  f2d.o(.text)
    __aeabi_cdrcmple                         0x08007e41   Thumb Code    48  cdrcmple.o(.text)
    __aeabi_d2f                              0x08007e71   Thumb Code    56  d2f.o(.text)
    __aeabi_uidiv                            0x08007ea9   Thumb Code     0  uidiv.o(.text)
    __aeabi_uidivmod                         0x08007ea9   Thumb Code    44  uidiv.o(.text)
    __aeabi_uldivmod                         0x08007ed5   Thumb Code    98  uldiv.o(.text)
    __aeabi_llsl                             0x08007f37   Thumb Code    30  llshl.o(.text)
    _ll_shift_l                              0x08007f37   Thumb Code     0  llshl.o(.text)
    __aeabi_llsr                             0x08007f55   Thumb Code    32  llushr.o(.text)
    _ll_ushift_r                             0x08007f55   Thumb Code     0  llushr.o(.text)
    __aeabi_lasr                             0x08007f75   Thumb Code    36  llsshr.o(.text)
    _ll_sshift_r                             0x08007f75   Thumb Code     0  llsshr.o(.text)
    __I$use$fp                               0x08007f99   Thumb Code     0  iusefp.o(.text)
    _float_round                             0x08007f99   Thumb Code    18  fepilogue.o(.text)
    _float_epilogue                          0x08007fab   Thumb Code    92  fepilogue.o(.text)
    _double_round                            0x08008007   Thumb Code    30  depilogue.o(.text)
    _double_epilogue                         0x08008025   Thumb Code   156  depilogue.o(.text)
    __aeabi_d2ulz                            0x080080c1   Thumb Code    48  dfixul.o(.text)
    __scatterload                            0x080080f1   Thumb Code    28  init.o(.text)
    __scatterload_rt2                        0x080080f1   Thumb Code     0  init.o(.text)
    __decompress                             0x08008115   Thumb Code     0  __dczerorl2.o(.text)
    __decompress1                            0x08008115   Thumb Code    86  __dczerorl2.o(.text)
    __0printf                                0x0800816d   Thumb Code    22  printfa.o(i.__0printf)
    __1printf                                0x0800816d   Thumb Code     0  printfa.o(i.__0printf)
    __2printf                                0x0800816d   Thumb Code     0  printfa.o(i.__0printf)
    __c89printf                              0x0800816d   Thumb Code     0  printfa.o(i.__0printf)
    printf                                   0x0800816d   Thumb Code     0  printfa.o(i.__0printf)
    __0vsprintf                              0x0800818d   Thumb Code    30  printfa.o(i.__0vsprintf)
    __1vsprintf                              0x0800818d   Thumb Code     0  printfa.o(i.__0vsprintf)
    __2vsprintf                              0x0800818d   Thumb Code     0  printfa.o(i.__0vsprintf)
    __c89vsprintf                            0x0800818d   Thumb Code     0  printfa.o(i.__0vsprintf)
    vsprintf                                 0x0800818d   Thumb Code     0  printfa.o(i.__0vsprintf)
    __scatterload_copy                       0x080081b1   Thumb Code    14  handlers.o(i.__scatterload_copy)
    __scatterload_null                       0x080081bf   Thumb Code     2  handlers.o(i.__scatterload_null)
    __scatterload_zeroinit                   0x080081c1   Thumb Code    14  handlers.o(i.__scatterload_zeroinit)
    OSUnMapTbl                               0x08008a6c   Data         256  os_core.o(.constdata)
    Virtual_Com_Port_DeviceDescriptor        0x08008b6c   Data          18  usb_desc.o(.constdata)
    Virtual_Com_Port_ConfigDescriptor        0x08008b7e   Data          67  usb_desc.o(.constdata)
    Virtual_Com_Port_StringLangID            0x08008bc1   Data           4  usb_desc.o(.constdata)
    Virtual_Com_Port_StringVendor            0x08008bc5   Data          38  usb_desc.o(.constdata)
    Virtual_Com_Port_StringProduct           0x08008beb   Data          50  usb_desc.o(.constdata)
    Region$$Table$$Base                      0x08008c20   Number         0  anon$$obj.o(Region$$Table)
    Region$$Table$$Limit                     0x08008c40   Number         0  anon$$obj.o(Region$$Table)
    SystemCoreClock                          0x20000000   Data           4  system_stm32f10x.o(.data)
    AHBPrescTable                            0x20000004   Data          16  system_stm32f10x.o(.data)
    g_TimerTick                              0x20000014   Data           4  timer.o(.data)
    USART3_RX_STA                            0x20000018   Data           2  usart3.o(.data)
    US_Count                                 0x2000001c   Data           4  hc_sr.o(.data)
    USART_RX_STA                             0x20000024   Data           2  usart.o(.data)
    OSCtxSwCtr                               0x2000003c   Data           4  os_core.o(.data)
    OSEventFreeList                          0x20000040   Data           4  os_core.o(.data)
    OSFlagFreeList                           0x20000044   Data           4  os_core.o(.data)
    OSCPUUsage                               0x20000048   Data           1  os_core.o(.data)
    OSIdleCtrMax                             0x2000004c   Data           4  os_core.o(.data)
    OSIdleCtrRun                             0x20000050   Data           4  os_core.o(.data)
    OSStatRdy                                0x20000054   Data           1  os_core.o(.data)
    OSIntNesting                             0x20000055   Data           1  os_core.o(.data)
    OSLockNesting                            0x20000056   Data           1  os_core.o(.data)
    OSPrioCur                                0x20000057   Data           1  os_core.o(.data)
    OSPrioHighRdy                            0x20000058   Data           1  os_core.o(.data)
    OSRdyGrp                                 0x20000059   Data           1  os_core.o(.data)
    OSRdyTbl                                 0x2000005a   Data           8  os_core.o(.data)
    OSRunning                                0x20000062   Data           1  os_core.o(.data)
    OSTaskCtr                                0x20000063   Data           1  os_core.o(.data)
    OSIdleCtr                                0x20000064   Data           4  os_core.o(.data)
    OSTCBCur                                 0x20000068   Data           4  os_core.o(.data)
    OSTCBFreeList                            0x2000006c   Data           4  os_core.o(.data)
    OSTCBHighRdy                             0x20000070   Data           4  os_core.o(.data)
    OSTCBList                                0x20000074   Data           4  os_core.o(.data)
    OSTickStepState                          0x20000078   Data           1  os_core.o(.data)
    OSQFreeList                              0x2000007c   Data           4  os_core.o(.data)
    OSTime                                   0x20000080   Data           4  os_core.o(.data)
    OSTmrFree                                0x20000084   Data           2  os_core.o(.data)
    OSTmrUsed                                0x20000086   Data           2  os_core.o(.data)
    OSTmrTime                                0x20000088   Data           4  os_core.o(.data)
    OSTmrSem                                 0x2000008c   Data           4  os_core.o(.data)
    OSTmrSemSignal                           0x20000090   Data           4  os_core.o(.data)
    OSTmrFreeList                            0x20000094   Data           4  os_core.o(.data)
    OSInterrputSum                           0x20000098   Data           4  os_cpu_c.o(.data)
    StatusInfo                               0x2000009e   Data           2  usb_core.o(.data)
    Data_Mul_MaxPacketSize                   0x200000a0   Data           1  usb_core.o(.data)
    EPindex                                  0x200000a4   Data           1  usb_init.o(.data)
    pInformation                             0x200000a8   Data           4  usb_init.o(.data)
    pProperty                                0x200000ac   Data           4  usb_init.o(.data)
    SaveState                                0x200000b0   Data           2  usb_init.o(.data)
    wInterrupt_Mask                          0x200000b2   Data           2  usb_init.o(.data)
    pUser_Standard_Requests                  0x200000b4   Data           4  usb_init.o(.data)
    SaveRState                               0x200000b8   Data           2  usb_int.o(.data)
    SaveTState                               0x200000ba   Data           2  usb_int.o(.data)
    USB_USART_RX_STA                         0x200000bc   Data           2  hw_config.o(.data)
    Virtual_Com_Port_StringSerial            0x200000be   Data          26  usb_desc.o(.data)
    wIstr                                    0x200000dc   Data           2  usb_istr.o(.data)
    bIntPackSOF                              0x200000de   Data           1  usb_istr.o(.data)
    esof_counter                             0x200000e0   Data           4  usb_istr.o(.data)
    wCNTR                                    0x200000e4   Data           4  usb_istr.o(.data)
    pEpInt_IN                                0x200000e8   Data          28  usb_istr.o(.data)
    pEpInt_OUT                               0x20000104   Data          28  usb_istr.o(.data)
    Request                                  0x20000120   Data           1  usb_prop.o(.data)
    linecoding                               0x20000124   Data           8  usb_prop.o(.data)
    Device_Table                             0x2000012c   Data           2  usb_prop.o(.data)
    Device_Property                          0x20000130   Data          48  usb_prop.o(.data)
    User_Standard_Requests                   0x20000160   Data          36  usb_prop.o(.data)
    Device_Descriptor                        0x20000184   Data           8  usb_prop.o(.data)
    Config_Descriptor                        0x2000018c   Data           8  usb_prop.o(.data)
    String_Descriptor                        0x20000194   Data          32  usb_prop.o(.data)
    bDeviceState                             0x200001b4   Data           4  usb_pwr.o(.data)
    fSuspendEnabled                          0x200001b8   Data           1  usb_pwr.o(.data)
    ResumeS                                  0x200001b9   Data           2  usb_pwr.o(.data)
    remotewakeupon                           0x200001bc   Data           4  usb_pwr.o(.data)
    __stdout                                 0x200001c0   Data           4  stdout.o(.data)
    START_TASK_STK                           0x200001c4   Data         256  main.o(.bss)
    ESP_TASK_STK                             0x200002c4   Data         256  main.o(.bss)
    KEY_TASK_STK                             0x200003c4   Data         256  main.o(.bss)
    USB_TASK_STK                             0x200004c4   Data         512  main.o(.bss)
    SYSTEM_STATUS                            0x200006c4   Data          10  main.o(.bss)
    USART3_RX_BUF                            0x200006ce   Data         600  usart3.o(.bss)
    USART3_TX_BUF                            0x20000926   Data         600  usart3.o(.bss)
    USART_RX_BUF                             0x20000b7e   Data         200  usart.o(.bss)
    OSEventTbl                               0x20000c48   Data         200  os_core.o(.bss)
    OSFlagTbl                                0x20000d10   Data          80  os_core.o(.bss)
    OSTaskStatStk                            0x20000d60   Data         512  os_core.o(.bss)
    OSTaskIdleStk                            0x20000f60   Data         512  os_core.o(.bss)
    OSTCBPrioTbl                             0x20001160   Data         256  os_core.o(.bss)
    OSTCBTbl                                 0x20001260   Data        1008  os_core.o(.bss)
    OSQTbl                                   0x20001650   Data         120  os_core.o(.bss)
    OSTmrTbl                                 0x200016c8   Data         640  os_core.o(.bss)
    OSTmrTaskStk                             0x20001948   Data         512  os_core.o(.bss)
    OSTmrWheelTbl                            0x20001b48   Data          64  os_core.o(.bss)
    Device_Info                              0x20001b88   Data          28  usb_init.o(.bss)
    uu_txfifo                                0x20001ba4   Data        1028  hw_config.o(.bss)
    USART_PRINTF_Buffer                      0x20001fa8   Data         200  hw_config.o(.bss)
    USB_USART_RX_BUF                         0x20002070   Data         200  hw_config.o(.bss)
    USB_Rx_Buffer                            0x20002138   Data          64  usb_endp.o(.bss)
    EP                                       0x20002178   Data          32  usb_pwr.o(.bss)
    __initial_sp                             0x20002398   Data           0  startup_stm32f10x_md.o(STACK)



==============================================================================

Memory Map of the image

  Image Entry point : 0x080000ed

  Load Region LR_IROM1 (Base: 0x08000000, Size: 0x00008e04, Max: 0x00010000, ABSOLUTE, COMPRESSED[0x00008cd0])

    Execution Region ER_IROM1 (Base: 0x08000000, Size: 0x00008c40, Max: 0x00010000, ABSOLUTE)

    Base Addr    Size         Type   Attr      Idx    E Section Name        Object

    0x08000000   0x000000ec   Data   RO          542    RESET               startup_stm32f10x_md.o
    0x080000ec   0x00000000   Code   RO         1284  * .ARM.Collect$$$$00000000  mc_w.l(entry.o)
    0x080000ec   0x00000004   Code   RO         1671    .ARM.Collect$$$$00000001  mc_w.l(entry2.o)
    0x080000f0   0x00000004   Code   RO         1674    .ARM.Collect$$$$00000004  mc_w.l(entry5.o)
    0x080000f4   0x00000000   Code   RO         1676    .ARM.Collect$$$$00000008  mc_w.l(entry7b.o)
    0x080000f4   0x00000000   Code   RO         1678    .ARM.Collect$$$$0000000A  mc_w.l(entry8b.o)
    0x080000f4   0x00000008   Code   RO         1679    .ARM.Collect$$$$0000000B  mc_w.l(entry9a.o)
    0x080000fc   0x00000000   Code   RO         1681    .ARM.Collect$$$$0000000D  mc_w.l(entry10a.o)
    0x080000fc   0x00000000   Code   RO         1683    .ARM.Collect$$$$0000000F  mc_w.l(entry11a.o)
    0x080000fc   0x00000004   Code   RO         1672    .ARM.Collect$$$$00002712  mc_w.l(entry2.o)
    0x08000100   0x000001d0   Code   RO            1    .text               main.o
    0x080002d0   0x0000002c   Code   RO          226    .text               stm32f10x_it.o
    0x080002fc   0x000001e0   Code   RO          267    .text               system_stm32f10x.o
    0x080004dc   0x0000017a   Code   RO          285    .text               24cxx.o
    0x08000656   0x00000002   PAD
    0x08000658   0x00000260   Code   RO          297    .text               myiic.o
    0x080008b8   0x0000003c   Code   RO          324    .text               led.o
    0x080008f4   0x00000080   Code   RO          362    .text               exti.o
    0x08000974   0x000000e8   Code   RO          378    .text               timer.o
    0x08000a5c   0x00000150   Code   RO          396    .text               usart3.o
    0x08000bac   0x00000044   Code   RO          422    .text               key.o
    0x08000bf0   0x0000019c   Code   RO          434    .text               esp8266.o
    0x08000d8c   0x00000090   Code   RO          446    .text               pwm.o
    0x08000e1c   0x00000110   Code   RO          458    .text               hc_sr.o
    0x08000f2c   0x00000134   Code   RO          476    .text               delay.o
    0x08001060   0x00000144   Code   RO          507    .text               usart.o
    0x080011a4   0x00000024   Code   RO          543    .text               startup_stm32f10x_md.o
    0x080011c8   0x000000dc   Code   RO          547    .text               misc.o
    0x080012a4   0x0000035c   Code   RO          559    .text               stm32f10x_gpio.o
    0x08001600   0x000003a4   Code   RO          571    .text               stm32f10x_rcc.o
    0x080019a4   0x00000408   Code   RO          585    .text               stm32f10x_usart.o
    0x08001dac   0x0000011c   Code   RO          633    .text               stm32f10x_exti.o
    0x08001ec8   0x00000e1a   Code   RO          669    .text               stm32f10x_tim.o
    0x08002ce2   0x00000002   PAD
    0x08002ce4   0x00000894   Code   RO          717    .text               os_core.o
    0x08003578   0x0000080c   Code   RO          737    .text               os_flag.o
    0x08003d84   0x000005e8   Code   RO          779    .text               os_q.o
    0x0800436c   0x0000038c   Code   RO          791    .text               os_sem.o
    0x080046f8   0x000007c4   Code   RO          803    .text               os_task.o
    0x08004ebc   0x000001b0   Code   RO          815    .text               os_time.o
    0x0800506c   0x00000634   Code   RO          827    .text               os_tmr.o
    0x080056a0   0x000000b4   Code   RO          839    .text               os_cpu_a.o
    0x08005754   0x000000d4   Code   RO          842    .text               os_cpu_c.o
    0x08005828   0x00000b50   Code   RO          864    .text               usb_core.o
    0x08006378   0x0000003c   Code   RO          879    .text               usb_init.o
    0x080063b4   0x0000033c   Code   RO          902    .text               usb_int.o
    0x080066f0   0x0000005c   Code   RO          926    .text               usb_mem.o
    0x0800674c   0x00000808   Code   RO          938    .text               usb_regs.o
    0x08006f54   0x00000080   Code   RO          950    .text               usb_sil.o
    0x08006fd4   0x00000384   Code   RO          962    .text               hw_config.o
    0x08007358   0x000000dc   Code   RO         1009    .text               usb_endp.o
    0x08007434   0x000001d0   Code   RO         1025    .text               usb_istr.o
    0x08007604   0x00000240   Code   RO         1043    .text               usb_prop.o
    0x08007844   0x000001d8   Code   RO         1066    .text               usb_pwr.o
    0x08007a1c   0x00000024   Code   RO         1302    .text               mc_w.l(memcpya.o)
    0x08007a40   0x00000024   Code   RO         1306    .text               mc_w.l(strstr.o)
    0x08007a64   0x0000000e   Code   RO         1308    .text               mc_w.l(strlen.o)
    0x08007a72   0x0000007c   Code   RO         1605    .text               mf_w.l(fdiv.o)
    0x08007aee   0x0000014e   Code   RO         1607    .text               mf_w.l(dadd.o)
    0x08007c3c   0x000000e4   Code   RO         1609    .text               mf_w.l(dmul.o)
    0x08007d20   0x000000de   Code   RO         1611    .text               mf_w.l(ddiv.o)
    0x08007dfe   0x00000012   Code   RO         1613    .text               mf_w.l(fflti.o)
    0x08007e10   0x0000000a   Code   RO         1615    .text               mf_w.l(ffltui.o)
    0x08007e1a   0x00000026   Code   RO         1627    .text               mf_w.l(f2d.o)
    0x08007e40   0x00000030   Code   RO         1631    .text               mf_w.l(cdrcmple.o)
    0x08007e70   0x00000038   Code   RO         1633    .text               mf_w.l(d2f.o)
    0x08007ea8   0x0000002c   Code   RO         1697    .text               mc_w.l(uidiv.o)
    0x08007ed4   0x00000062   Code   RO         1699    .text               mc_w.l(uldiv.o)
    0x08007f36   0x0000001e   Code   RO         1701    .text               mc_w.l(llshl.o)
    0x08007f54   0x00000020   Code   RO         1703    .text               mc_w.l(llushr.o)
    0x08007f74   0x00000024   Code   RO         1705    .text               mc_w.l(llsshr.o)
    0x08007f98   0x00000000   Code   RO         1716    .text               mc_w.l(iusefp.o)
    0x08007f98   0x0000006e   Code   RO         1717    .text               mf_w.l(fepilogue.o)
    0x08008006   0x000000ba   Code   RO         1719    .text               mf_w.l(depilogue.o)
    0x080080c0   0x00000030   Code   RO         1725    .text               mf_w.l(dfixul.o)
    0x080080f0   0x00000024   Code   RO         1727    .text               mc_w.l(init.o)
    0x08008114   0x00000056   Code   RO         1739    .text               mc_w.l(__dczerorl2.o)
    0x0800816a   0x00000002   PAD
    0x0800816c   0x00000020   Code   RO         1545    i.__0printf         mc_w.l(printfa.o)
    0x0800818c   0x00000024   Code   RO         1551    i.__0vsprintf       mc_w.l(printfa.o)
    0x080081b0   0x0000000e   Code   RO         1733    i.__scatterload_copy  mc_w.l(handlers.o)
    0x080081be   0x00000002   Code   RO         1734    i.__scatterload_null  mc_w.l(handlers.o)
    0x080081c0   0x0000000e   Code   RO         1735    i.__scatterload_zeroinit  mc_w.l(handlers.o)
    0x080081ce   0x00000002   PAD
    0x080081d0   0x00000164   Code   RO         1552    i._fp_digits        mc_w.l(printfa.o)
    0x08008334   0x000006dc   Code   RO         1553    i._printf_core      mc_w.l(printfa.o)
    0x08008a10   0x00000024   Code   RO         1554    i._printf_post_padding  mc_w.l(printfa.o)
    0x08008a34   0x0000002e   Code   RO         1555    i._printf_pre_padding  mc_w.l(printfa.o)
    0x08008a62   0x0000000a   Code   RO         1557    i._sputc            mc_w.l(printfa.o)
    0x08008a6c   0x00000100   Data   RO          719    .constdata          os_core.o
    0x08008b6c   0x000000b1   Data   RO          996    .constdata          usb_desc.o
    0x08008c1d   0x00000003   PAD
    0x08008c20   0x00000020   Data   RO         1731    Region$$Table       anon$$obj.o


    Execution Region RW_IRAM1 (Base: 0x20000000, Size: 0x00002398, Max: 0x00005000, ABSOLUTE, COMPRESSED[0x00000090])

    Base Addr    Size         Type   Attr      Idx    E Section Name        Object

    0x20000000   0x00000014   Data   RW          268    .data               system_stm32f10x.o
    0x20000014   0x00000004   Data   RW          379    .data               timer.o
    0x20000018   0x00000002   Data   RW          398    .data               usart3.o
    0x2000001a   0x00000002   PAD
    0x2000001c   0x00000004   Data   RW          459    .data               hc_sr.o
    0x20000020   0x00000004   Data   RW          477    .data               delay.o
    0x20000024   0x00000002   Data   RW          509    .data               usart.o
    0x20000026   0x00000014   Data   RW          572    .data               stm32f10x_rcc.o
    0x2000003a   0x00000002   PAD
    0x2000003c   0x0000005c   Data   RW          720    .data               os_core.o
    0x20000098   0x00000006   Data   RW          843    .data               os_cpu_c.o
    0x2000009e   0x00000003   Data   RW          865    .data               usb_core.o
    0x200000a1   0x00000003   PAD
    0x200000a4   0x00000014   Data   RW          881    .data               usb_init.o
    0x200000b8   0x00000004   Data   RW          903    .data               usb_int.o
    0x200000bc   0x00000002   Data   RW          964    .data               hw_config.o
    0x200000be   0x0000001a   Data   RW          997    .data               usb_desc.o
    0x200000d8   0x00000004   Data   RW         1011    .data               usb_endp.o
    0x200000dc   0x00000044   Data   RW         1026    .data               usb_istr.o
    0x20000120   0x00000094   Data   RW         1044    .data               usb_prop.o
    0x200001b4   0x0000000c   Data   RW         1068    .data               usb_pwr.o
    0x200001c0   0x00000004   Data   RW         1696    .data               mc_w.l(stdout.o)
    0x200001c4   0x0000050a   Zero   RW            2    .bss                main.o
    0x200006ce   0x000004b0   Zero   RW          397    .bss                usart3.o
    0x20000b7e   0x000000c8   Zero   RW          508    .bss                usart.o
    0x20000c46   0x00000002   PAD
    0x20000c48   0x00000f40   Zero   RW          718    .bss                os_core.o
    0x20001b88   0x0000001c   Zero   RW          880    .bss                usb_init.o
    0x20001ba4   0x00000594   Zero   RW          963    .bss                hw_config.o
    0x20002138   0x00000040   Zero   RW         1010    .bss                usb_endp.o
    0x20002178   0x00000020   Zero   RW         1067    .bss                usb_pwr.o
    0x20002198   0x00000200   Zero   RW          540    STACK               startup_stm32f10x_md.o


==============================================================================

Image component sizes


      Code (inc. data)   RO Data    RW Data    ZI Data      Debug   Object Name

       378          0          0          0          0       2750   24cxx.o
       308         24          0          4          0       1729   delay.o
       412        176          0          0          0       1722   esp8266.o
       128          6          0          0          0        694   exti.o
       272         20          0          4          0       1709   hc_sr.o
       900        252          0          2       1428       5533   hw_config.o
        68          6          0          0          0        624   key.o
        60         10          0          0          0        459   led.o
       464         68          0          0       1290     277132   main.o
       220         22          0          0          0       1749   misc.o
       608         14          0          0          0       1848   myiic.o
      2196        218        256         92       3904      15635   os_core.o
       180         36          0          0          0        304   os_cpu_a.o
       212          4          0          6          0      11339   os_cpu_c.o
      2060         42          0          0          0       7052   os_flag.o
      1512         30          0          0          0       5717   os_q.o
       908         18          0          0          0       3990   os_sem.o
      1988         70          0          0          0       7737   os_task.o
       432         30          0          0          0       1822   os_time.o
      1588         94          0          0          0       5681   os_tmr.o
       144         14          0          0          0        708   pwm.o
        36          8        236          0        512        768   startup_stm32f10x_md.o
       284         10          0          0          0       2207   stm32f10x_exti.o
       860         38          0          0          0       5681   stm32f10x_gpio.o
        44          6          0          0          0       1027   stm32f10x_it.o
       932         36          0         20          0       8836   stm32f10x_rcc.o
      3610         88          0          0          0      22792   stm32f10x_tim.o
      1032         22          0          0          0       8408   stm32f10x_usart.o
         0          0          0          0          0         32   sys.o
       480         38          0         20          0       1659   system_stm32f10x.o
       232         16          0          4          0       2061   timer.o
       324         18          0          2        200       2900   usart.o
       336         20          0          2       1200       2446   usart3.o
      2896        114          0          3          0       8107   usb_core.o
         0          0        177         26          0       1027   usb_desc.o
       220         16          0          4         64       1532   usb_endp.o
        60         24          0         20         28       4082   usb_init.o
       828         34          0          4          0       1895   usb_int.o
       464         38          0         68          0       1543   usb_istr.o
        92          6          0          0          0       1402   usb_mem.o
       576         40          0        148          0       7319   usb_prop.o
       472         32          0         12         32       2671   usb_pwr.o
      2056         20          0          0          0      11981   usb_regs.o
       128          8          0          0          0       1466   usb_sil.o

    ----------------------------------------------------------------------
     31004       1786        704        448       8660     457776   Object Totals
         0          0         32          0          0          0   (incl. Generated)
         4          0          3          7          2          0   (incl. Padding)

    ----------------------------------------------------------------------

      Code (inc. data)   RO Data    RW Data    ZI Data      Debug   Library Member Name

        86          0          0          0          0          0   __dczerorl2.o
         0          0          0          0          0          0   entry.o
         0          0          0          0          0          0   entry10a.o
         0          0          0          0          0          0   entry11a.o
         8          4          0          0          0          0   entry2.o
         4          0          0          0          0          0   entry5.o
         0          0          0          0          0          0   entry7b.o
         0          0          0          0          0          0   entry8b.o
         8          4          0          0          0          0   entry9a.o
        30          0          0          0          0          0   handlers.o
        36          8          0          0          0         68   init.o
         0          0          0          0          0          0   iusefp.o
        30          0          0          0          0         68   llshl.o
        36          0          0          0          0         68   llsshr.o
        32          0          0          0          0         68   llushr.o
        36          0          0          0          0         68   memcpya.o
      2272         96          0          0          0        592   printfa.o
         0          0          0          4          0          0   stdout.o
        14          0          0          0          0         68   strlen.o
        36          0          0          0          0         80   strstr.o
        44          0          0          0          0         80   uidiv.o
        98          0          0          0          0         92   uldiv.o
        48          0          0          0          0         68   cdrcmple.o
        56          0          0          0          0         88   d2f.o
       334          0          0          0          0        148   dadd.o
       222          0          0          0          0        100   ddiv.o
       186          0          0          0          0        176   depilogue.o
        48          0          0          0          0         68   dfixul.o
       228          0          0          0          0         96   dmul.o
        38          0          0          0          0         68   f2d.o
       124          0          0          0          0         88   fdiv.o
       110          0          0          0          0        168   fepilogue.o
        18          0          0          0          0         68   fflti.o
        10          0          0          0          0         68   ffltui.o

    ----------------------------------------------------------------------
      4196        112          0          4          0       2456   Library Totals
         4          0          0          0          0          0   (incl. Padding)

    ----------------------------------------------------------------------

      Code (inc. data)   RO Data    RW Data    ZI Data      Debug   Library Name

      2770        112          0          4          0       1252   mc_w.l
      1422          0          0          0          0       1204   mf_w.l

    ----------------------------------------------------------------------
      4196        112          0          4          0       2456   Library Totals

    ----------------------------------------------------------------------

==============================================================================


      Code (inc. data)   RO Data    RW Data    ZI Data      Debug   

     35200       1898        704        452       8660     455576   Grand Totals
     35200       1898        704        144       8660     455576   ELF Image Totals (compressed)
     35200       1898        704        144          0          0   ROM Totals

==============================================================================

    Total RO  Size (Code + RO Data)                35904 (  35.06kB)
    Total RW  Size (RW Data + ZI Data)              9112 (   8.90kB)
    Total ROM Size (Code + RO Data + RW Data)      36048 (  35.20kB)

==============================================================================

